ALTER TRIGGER TI_PRACA_B COMPILE ;                                              
ALTER TRIGGER TI_METAFERIADO_B COMPILE ;                                        
ALTER TRIGGER TI_PAIS_B COMPILE ;                                               
ALTER TRIGGER TI_FNLDLIQC_B COMPILE ;                                           
ALTER TRIGGER TI_MTDCALC_B COMPILE ;                                            
ALTER TRIGGER TI_TPCLSOCOR_B COMPILE ;                                          
ALTER TRIGGER TI_TPCTA_B COMPILE ;                                              
ALTER TRIGGER TI_XML_B COMPILE ;                                                
ALTER TRIGGER TI_CTRTTERMOACAO_B COMPILE ;                                      
ALTER TRIGGER TI_LOGPRC_B COMPILE ;                                             
ALTER TRIGGER TI_AGNDEVCURVA_B COMPILE ;                                        
ALTER TRIGGER TI_ARQCTRTEMPRTIT_B COMPILE ;                                     
ALTER TRIGGER TI_CAMLIQC_B COMPILE ;                                            
ALTER TRIGGER TI_CATCLICUS_B COMPILE ;                                          
ALTER TRIGGER TI_CESTAINDEX_B COMPILE ;                                         
ALTER TRIGGER TI_CLSCDATVCVM_B COMPILE ;                                        
ALTER TRIGGER TI_CLSRISCO_B COMPILE ;                                           
ALTER TRIGGER TI_TABINFOCMPLRANKANBID_B COMPILE ;                               
ALTER TRIGGER TI_TABTXSAIDA_B COMPILE ;                                         
ALTER TRIGGER TI_ESQPROVTRIB_B COMPILE ;                                        
ALTER TRIGGER TI_EVCALCVAR_B COMPILE ;                                          
ALTER TRIGGER TI_PERORCM_B COMPILE ;                                            
ALTER TRIGGER TI_PERFILRNTBCOTA_B COMPILE ;                                     
ALTER TRIGGER TI_FUNDOEXTERNO_B COMPILE ;                                       
ALTER TRIGGER TI_IMPS_B COMPILE ;                                               
ALTER TRIGGER TI_TPFATOOCOR_B COMPILE ;                                         
ALTER TRIGGER TI_TPHISTBOL_B COMPILE ;                                          
ALTER TRIGGER TI_TPPROVIDOCOR_B COMPILE ;                                       
ALTER TRIGGER TI_FNCRELACAO_B COMPILE ;                                         
ALTER TRIGGER TI_DTMEMCALCPROV_B COMPILE ;                                      
ALTER TRIGGER TI_PLANPRVD_B COMPILE ;                                           
ALTER TRIGGER TI_REND_B COMPILE ;                                               
ALTER TRIGGER TI_COTA2829_B COMPILE ;                                           
ALTER TRIGGER TI_TPUSOIMV_B COMPILE ;                                           
