DROP TRIGGER TI_PARMPOLINVEST_B;                                                                                        
DROP TRIGGER TI_PARMRISCOBNC_B;                                                                                         
DROP TRIGGER TI_PARMRISCOBNCEMI_B;                                                                                      
DROP TRIGGER TI_PERORCM_B;                                                                                              
DROP TRIGGER TI_FNCRELACAO_B;                                                                                           
DROP TRIGGER TI_FNLDLIQC_B;                                                                                             
DROP TRIGGER TI_CLSCDATVCVM_B;                                                                                          
DROP TRIGGER TI_CLSRISCO_B;                                                                                             
DROP TRIGGER TI_COTA2829_B;                                                                                             
DROP TRIGGER TI_CAMLIQC_B;                                                                                              
DROP TRIGGER TI_CATCLICUS_B;                                                                                            
DROP TRIGGER TI_CESTAINDEX_B;                                                                                           
DROP TRIGGER TI_AGNDEVCURVA_B;                                                                                          
DROP TRIGGER TI_DTMEMCALCPROV_B;                                                                                        
DROP TRIGGER TI_IMPS_B;                                                                                                 
DROP TRIGGER TI_METAFERIADO_B;                                                                                          
DROP TRIGGER TI_MTDCALC_B;                                                                                              
DROP TRIGGER TI_PAIS_B;                                                                                                 
DROP TRIGGER TI_XML_B;                                                                                                  
DROP TRIGGER TI_REND_B;                                                                                                 
DROP TRIGGER TI_ARQCTRTEMPRTIT_B;                                                                                       
DROP TRIGGER TI_ESQPROVTRIB_B;                                                                                          
DROP TRIGGER TI_EVCALCVAR_B;                                                                                            
DROP TRIGGER TI_PLANPRVD_B;                                                                                             
DROP TRIGGER TI_TPCLSOCOR_B;                                                                                            
DROP TRIGGER TI_TPCTA_B;                                                                                                
DROP TRIGGER TI_TPFATOOCOR_B;                                                                                           
DROP TRIGGER TI_TPHISTBOL_B;                                                                                            
DROP TRIGGER TI_PRACA_B;                                                                                                
DROP TRIGGER TI_FUNDOEXTERNO_B;                                                                                         
DROP TRIGGER TI_CTRTTERMOACAO_B;                                                                                        
DROP TRIGGER TI_LOGPRC_B;                                                                                               
DROP TRIGGER TI_TPPROVIDOCOR_B;                                                                                         
DROP TRIGGER TI_TPUSOIMV_B;                                                                                             
DROP TRIGGER TI_VIGALIQBMFBVSP_B;                                                                                       
DROP TRIGGER TI_TABINFOCMPLRANKANBID_B;                                                                                 
DROP TRIGGER TI_TABTXSAIDA_B;                                                                                           
