SQL> /
                                          ------------ -------                                                                                                                                                                                                                                                                                                                                                                                                                                                      
sum                                                                                                                                                                                                                                                                                                                                                                                                                                                                                                                 

não há linhas selecionadas

SQL> spool off
